[2025-07-17 12:48:33] [INFO] Test message
[2025-07-19 20:01:04] [INFO] Test message
